ADMIN@DESKTOP-P2L32MS MINGW64 ~
$ pwd
/c/Users/ADMIN

ADMIN@DESKTOP-P2L32MS MINGW64 ~
$ cd c
bash: cd: c: No such file or directory

ADMIN@DESKTOP-P2L32MS MINGW64 ~
$ cd /c/Users/ADMIN

ADMIN@DESKTOP-P2L32MS MINGW64 ~
$ ls
'3D Objects'/
 AppData/
 Apple/
'Application Data'@
 Contacts/
 Cookies@
 Desktop/
 Documents/
 Downloads/
 Favorites/
 IBA_IOAPDATA/
 Intel/
 IntelGraphicsProfiles/
 Links/
'Local Settings'@
 MicrosoftEdgeBackups/
 Music/
'My Documents'@
 NTUSER.DAT
 NTUSER.DAT{58dd4f1b-238a-11ec-9c56-a7c5a7e594ad}.TxR.0.regtrans-ms
 NTUSER.DAT{58dd4f1b-238a-11ec-9c56-a7c5a7e594ad}.TxR.1.regtrans-ms
 NTUSER.DAT{58dd4f1b-238a-11ec-9c56-a7c5a7e594ad}.TxR.2.regtrans-ms
 NTUSER.DAT{58dd4f1b-238a-11ec-9c56-a7c5a7e594ad}.TxR.blf
 NTUSER.DAT{58dd4f1c-238a-11ec-9c56-a7c5a7e594ad}.TM.blf
 NTUSER.DAT{58dd4f1c-238a-11ec-9c56-a7c5a7e594ad}.TMContainer00000000000000000001.regtrans-ms
 NTUSER.DAT{58dd4f1c-238a-11ec-9c56-a7c5a7e594ad}.TMContainer00000000000000000002.regtrans-ms
 NetHood@
 OneDrive/
 Pictures/
 PrintHood@
 README.md
 Recent@
 Roaming/
 S190578509.pdf
'Saved Games'/
 ScStore/
 Searches/
 SendTo@
'Start Menu'@
 Templates@
 Videos/
 ntuser.dat.LOG1
 ntuser.dat.LOG2
 ntuser.ini
 wekafiles/

ADMIN@DESKTOP-P2L32MS MINGW64 ~
$ cd /c/Users/ADMIN/Desktop/SITS

ADMIN@DESKTOP-P2L32MS MINGW64 ~/Desktop/SITS
$ ls
Clothing.html  b2.jpg     dior4.jpg   t3.jpg  t8.jpg
Login.html     b3.jpg     fs.jpg      t4.jpg  website.html
Reg.html       dior.jpg   shoes.html  t5.jpg
b.jpg          dior2.jpg  t1.jpg      t6.jpg
b1.jpg         dior3.jpg  t2.jpg      t7.jpg

ADMIN@DESKTOP-P2L32MS MINGW64 ~/Desktop/SITS
$ git init
Initialized empty Git repository in C:/Users/ADMIN/Desktop/SITS/.git/

ADMIN@DESKTOP-P2L32MS MINGW64 ~/Desktop/SITS (master)
$ git add README.md
fatal: pathspec 'README.md' did not match any files

ADMIN@DESKTOP-P2L32MS MINGW64 ~/Desktop/SITS (master)
$ git add .

ADMIN@DESKTOP-P2L32MS MINGW64 ~/Desktop/SITS (master)
$ git status
On branch master

No commits yet

Changes to be committed:
  (use "git rm --cached <file>..." to unstage)
        new file:   Clothing.html
        new file:   Login.html
        new file:   Reg.html
        new file:   b.jpg
        new file:   b1.jpg
        new file:   b2.jpg
        new file:   b3.jpg
        new file:   dior.jpg
        new file:   dior2.jpg
        new file:   dior3.jpg
        new file:   dior4.jpg
        new file:   fs.jpg
        new file:   shoes.html
        new file:   t1.jpg
        new file:   t2.jpg
        new file:   t3.jpg
        new file:   t4.jpg
        new file:   t5.jpg
        new file:   t6.jpg
        new file:   t7.jpg
        new file:   t8.jpg
        new file:   website.html


ADMIN@DESKTOP-P2L32MS MINGW64 ~/Desktop/SITS (master)
$ git commit -m "first commit"
Author identity unknown

*** Please tell me who you are.

Run

  git config --global user.email "you@example.com"
  git config --global user.name "Your Name"

to set your account's default identity.
Omit --global to set the identity only in this repository.

fatal: unable to auto-detect email address (got 'ADMIN@DESKTOP-P2L32MS.(none)')

ADMIN@DESKTOP-P2L32MS MINGW64 ~/Desktop/SITS (master)
$ git commit -m "first commit"
Author identity unknown

*** Please tell me who you are.

Run

  git config --global user.email "you@example.com"
  git config --global user.name "Your Name"

to set your account's default identity.
Omit --global to set the identity only in this repository.

fatal: unable to auto-detect email address (got 'ADMIN@DESKTOP-P2L32MS.(none)')

ADMIN@DESKTOP-P2L32MS MINGW64 ~/Desktop/SITS (master)
$ git config --global user.email "samyakbagde1610@gmail.com"

ADMIN@DESKTOP-P2L32MS MINGW64 ~/Desktop/SITS (master)
$ git config --global user.name "samyak bagde"

ADMIN@DESKTOP-P2L32MS MINGW64 ~/Desktop/SITS (master)
$ git commit -m "first commit"                              [master (root-commit) 458324f] first commit
 22 files changed, 1108 insertions(+)
 create mode 100644 Clothing.html
 create mode 100644 Login.html
 create mode 100644 Reg.html
 create mode 100644 b.jpg
 create mode 100644 b1.jpg
 create mode 100644 b2.jpg
 create mode 100644 b3.jpg
 create mode 100644 dior.jpg
 create mode 100644 dior2.jpg
 create mode 100644 dior3.jpg
 create mode 100644 dior4.jpg
 create mode 100644 fs.jpg
 create mode 100644 shoes.html
 create mode 100644 t1.jpg
 create mode 100644 t2.jpg
 create mode 100644 t3.jpg
 create mode 100644 t4.jpg
 create mode 100644 t5.jpg
 create mode 100644 t6.jpg
 create mode 100644 t7.jpg
 create mode 100644 t8.jpg
 create mode 100644 website.html

ADMIN@DESKTOP-P2L32MS MINGW64 ~/Desktop/SITS (master)
$ git remote add origin https://github.com/SamyakB123/SITS.git

ADMIN@DESKTOP-P2L32MS MINGW64 ~/Desktop/SITS (master)
$ git push -u origin main
error: src refspec main does not match any
error: failed to push some refs to 'https://github.com/SamyakB123/SITS.git'

ADMIN@DESKTOP-P2L32MS MINGW64 ~/Desktop/SITS (master)
$ git push -u origin master
username for 'https://github.com':SamyakB123


ADMIN@DESKTOP-P2L32MS MINGW64 ~/Desktop/SITS (master)
$ git push -u origin master



ADMIN@DESKTOP-P2L32MS MINGW64 ~/Desktop/SITS (master)
$ git push -u origin master
fatal: User canceled device code authentication


ADMIN@DESKTOP-P2L32MS MINGW64 ~/Desktop/SITS (master)
$ git push -u origin master
fatal: helper error (-1): User cancelled dialog.
error: unable to read askpass response from 'C:/Program Files/Git/mingw64/bin/git-askpass.exe'
Username for 'https://github.com': SamyakB123
Sremote: Support for password authentication was removed on August 13, 2021. Please use a personal access token instead.
remote: Please see https://github.blog/2020-12-15-token-authentication-requirements-for-git-operations/ for more information.
fatal: Authentication failed for 'https://github.com/SamyakB123/SITS.git/'

ADMIN@DESKTOP-P2L32MS MINGW64 ~/Desktop/SITS (master)
$ git push -u origin master
Enumerating objects: 24, done.
Counting objects: 100% (24/24), done.
Delta compression using up to 4 threads
Compressing objects: 100% (24/24), done.
Writing objects: 100% (24/24), 1.82 MiB | 2.18 MiB/s, done.
Total 24 (delta 4), reused 0 (delta 0), pack-reused 0
remote: Resolving deltas: 100% (4/4), done.
To https://github.com/SamyakB123/SITS.git
 * [new branch]      master -> master
branch 'master' set up to track 'origin/master'.

ADMIN@DESKTOP-P2L32MS MINGW64 ~/Desktop/SITS (master)
$

ADMIN@DESKTOP-P2L32MS MINGW64 ~/Desktop/SITS (master)
$
